0 verbose cli D:\Program Files\nodejs\node.exe D:\Program Files\nodejs\node_modules\npm\bin\npm-cli.js
1 info using npm@11.19.1
2 info using node@v26.9.0
3 silly config load:file:D:\Program Files\nodejs\node_modules\npm\npmrc
4 silly config load:file:D:\trave\Documents\dsh\网站\assets\_tools\.npmrc
5 silly config load:file:C:\Users\trave\.npmrc
6 silly config load:file:C:\Users\trave\AppData\Roaming\npm\etc\npmrc
7 verbose title npm install jpeg-js@0.4.4
8 verbose argv "install" "jpeg-js@0.4.4" "--no-audit" "--no-fund"
9 verbose logfile logs-max:10 dir:D:\trave\Documents\dsh\网站\assets\_tools\.npmcache\_logs\2026-09-23T13_19_04_558Z-
10 verbose logfile D:\trave\Documents\dsh\网站\assets\_tools\.npmcache\_logs\2026-09-23T13_19_04_558Z-debug-0.log
11 silly logfile done cleaning log files
12 silly packumentCache heap:4395630592 maxSize:1098907648 maxEntrySize:549453824
13 silly idealTree buildDeps
14 silly fetch manifest jpeg-js@0.4.4
15 silly packumentCache full:https://registry.npmjs.org/jpeg-js cache-miss
16 http fetch GET 200 https://registry.npmjs.org/jpeg-js 792ms (cache miss)
17 silly packumentCache full:https://registry.npmjs.org/jpeg-js set size:undefined disposed:false
18 silly placeDep ROOT jpeg-js@0.4.4 OK for: _tools@1.0.0 want: 0.4.4
19 silly reify moves {}
20 http cache jpeg-js@https://registry.npmjs.org/jpeg-js/-/jpeg-js-0.4.4.tgz 0ms (cache hit)
21 silly tarball no local data for jpeg-js@https://registry.npmjs.org/jpeg-js/-/jpeg-js-0.4.4.tgz. Extracting by manifest.
22 http fetch GET 200 https://registry.npmjs.org/jpeg-js/-/jpeg-js-0.4.4.tgz 226ms (cache miss)
23 silly ADD node_modules/jpeg-js
24 verbose cwd D:\trave\Documents\dsh\网站\assets\_tools
25 verbose os Windows_NT 10.0.26200
26 verbose node v26.9.0
27 verbose npm  v11.19.1
28 verbose exit 0
29 info ok
